Supermodel v0.3a-WIP Error Log
------------------------------

Started as:
  argv[0] = D:\AttractMode\emulators\supermodel\supermodel.exe
  argv[1] = roms\harley.zip
  argv[2] = -res=1024,768
  argv[3] = -fullscreen
  argv[4] = -quad-rendering

Opened roms\harley.zip.
harley:
  banked_crom: stride=zu, chunk size=zu, byte swap=8
    mpr-20364.4, crc32=0xa2a68ef2, offset=0x00000000
    mpr-20363.3, crc32=0x3e3cc6ff, offset=0x00000002
    mpr-20362.2, crc32=0xf7e60dfd, offset=0x00000004
    mpr-20361.1, crc32=0xddb66c2f, offset=0x00000006
    mpr-20368.8, crc32=0x100c9846, offset=0x01000000
    mpr-20367.7, crc32=0x6c3f9748, offset=0x01000002
    mpr-20366.6, crc32=0x45e3850e, offset=0x01000004
    mpr-20365.5, crc32=0x7dd50361, offset=0x01000006
    epr-20412.16, crc32=0x0d51bb34, offset=0x03800000
    epr-20411.15, crc32=0x848daaf7, offset=0x03800002
    epr-20410.14, crc32=0x98b126f2, offset=0x03800004
    epr-20409.13, crc32=0x58caaa75, offset=0x03800006
  crom: stride=zu, chunk size=zu, byte swap=8
    epr-20396b.20, crc32=0x9623dea7, offset=0x00000000
    epr-20395b.19, crc32=0x88f71d76, offset=0x00000002
    epr-20394b.18, crc32=0xb4312135, offset=0x00000004
    epr-20393b.17, crc32=0x7d712105, offset=0x00000006
  sound_program: stride=zu, chunk size=zu, byte swap=1
    epr-20397.21, crc32=0x5b20b54a, offset=0x00000000
  sound_samples: stride=zu, chunk size=zu, byte swap=1
    mpr-20373.22, crc32=0xc684e8a3, offset=0x00000000
    mpr-20375.24, crc32=0x906ace86, offset=0x00400000
    mpr-20374.23, crc32=0xfcf6ea21, offset=0x00800000
    mpr-20376.25, crc32=0xdeeed366, offset=0x00c00000
  vrom: stride=zu, chunk size=zu, byte swap=32
    mpr-20377.26, crc32=0x4d2887e5, offset=0x00000000
    mpr-20378.27, crc32=0x5ad7c0ec, offset=0x00000002
    mpr-20379.28, crc32=0x1e51c9f0, offset=0x00000004
    mpr-20380.29, crc32=0xe10d35ae, offset=0x00000006
    mpr-20381.30, crc32=0x76cd36a2, offset=0x00000008
    mpr-20382.31, crc32=0xf089ae37, offset=0x0000000a
    mpr-20383.32, crc32=0x9e96d3be, offset=0x0000000c
    mpr-20384.33, crc32=0x5bdfbb52, offset=0x0000000e
    mpr-20385.34, crc32=0x12db1729, offset=0x00000010
    mpr-20386.35, crc32=0xdb2ccaf8, offset=0x00000012
    mpr-20387.36, crc32=0xc5dde91b, offset=0x00000014
    mpr-20388.37, crc32=0xaeaa862e, offset=0x00000016
    mpr-20389.38, crc32=0x49bb6593, offset=0x00000018
    mpr-20390.39, crc32=0x1d4a8efe, offset=0x0000001a
    mpr-20391.40, crc32=0x5dc452dc, offset=0x0000001c
    mpr-20392.41, crc32=0x892208cb, offset=0x0000001e
Runtime configuration:
  GameXMLFile=Config/Games.xml
  InitStateFile=
  MultiThreaded=1
  GPUMultiThreaded=1
  PowerPCFrequency=50
  MultiTexture=0
  VertexShader=
  FragmentShader=
  VertexShaderFog=
  FragmentShaderFog=
  VertexShader2D=
  FragmentShader2D=
  EmulateSound=1
  Balance=0
  EmulateDSB=1
  SoundVolume=100
  MusicVolume=100
  ForceFeedback=0
  New3DEngine=1
  QuadRendering=1
  XResolution=1024
  YResolution=768
  FullScreen=1
  WideScreen=0
  Stretch=0
  VSync=1
  Throttle=1
  ShowFrameRate=0
  Crosshairs=0
  FlipStereo=0
  InputSystem=dinput
  DirectInputConstForceLeftMax=100
  DirectInputConstForceRightMax=100
  DirectInputSelfCenterMax=100
  DirectInputFrictionMax=100
  DirectInputVibrateMax=100
  XInputConstForceThreshold=30
  XInputConstForceMax=100
  XInputVibrateMax=100
  Outputs=none
  EmulateNet=0
  port_in=1970
  port_out=1971
  addr_out=127.0.0.1
  InputStart1=KEY_1,JOY1_BUTTON8
  InputStart2=KEY_2,JOY2_BUTTON8
  InputCoin1=KEY_3,JOY1_BUTTON7
  InputCoin2=KEY_4,JOY2_BUTTON7
  InputServiceA=KEY_5
  InputServiceB=KEY_7
  InputTestA=KEY_6
  InputTestB=KEY_8
  InputJoyUp=KEY_UP,JOY1_UP
  InputJoyDown=KEY_DOWN,JOY1_DOWN
  InputJoyLeft=KEY_LEFT,JOY1_LEFT
  InputJoyRight=KEY_RIGHT,JOY1_RIGHT
  InputJoyUp2=JOY2_UP
  InputJoyDown2=JOY2_DOWN
  InputJoyLeft2=JOY2_LEFT
  InputJoyRight2=JOY2_RIGHT
  InputPunch=KEY_A,JOY1_BUTTON1
  InputKick=KEY_S,JOY1_BUTTON2
  InputGuard=KEY_D,JOY1_BUTTON3
  InputEscape=KEY_F,JOY1_BUTTON4
  InputPunch2=JOY2_BUTTON1
  InputKick2=JOY2_BUTTON2
  InputGuard2=JOY2_BUTTON3
  InputEscape2=JOY2_BUTTON4
  InputShift=KEY_A,JOY1_BUTTON1
  InputBeat=KEY_S,JOY1_BUTTON2
  InputCharge=KEY_D,JOY1_BUTTON3
  InputJump=KEY_F,JOY1_BUTTON4
  InputShortPass=KEY_A,JOY1_BUTTON1
  InputLongPass=KEY_S,JOY1_BUTTON2
  InputShoot=KEY_D,JOY1_BUTTON3
  InputShortPass2=JOY2_BUTTON1
  InputLongPass2=JOY2_BUTTON2
  InputShoot2=JOY2_BUTTON3
  InputSteeringLeft=KEY_LEFT
  InputSteeringRight=KEY_RIGHT
  InputSteering=JOY1_XAXIS
  InputAccelerator=KEY_UP,JOY1_UP
  InputBrake=KEY_DOWN,JOY1_DOWN
  InputGearShiftUp=KEY_Y
  InputGearShiftDown=KEY_H
  InputGearShift1=KEY_Q,JOY1_BUTTON5
  InputGearShift2=KEY_W,JOY1_BUTTON6
  InputGearShift3=KEY_E,JOY1_BUTTON7
  InputGearShift4=KEY_R,JOY1_BUTTON8
  InputGearShiftN=KEY_T
  InputVR1=KEY_A,JOY1_BUTTON1
  InputVR2=KEY_S,JOY1_BUTTON2
  InputVR3=KEY_D,JOY1_BUTTON3
  InputVR4=KEY_F,JOY1_BUTTON4
  InputViewChange=KEY_A,JOY1_BUTTON1
  InputHandBrake=KEY_S,JOY1_BUTTON2
  InputRearBrake=KEY_S,JOY1_BUTTON2
  InputMusicSelect=KEY_D,JOY1_BUTTON3
  InputTwinJoyTurnLeft=KEY_Q,JOY1_RXAXIS_NEG
  InputTwinJoyTurnRight=KEY_W,JOY1_RXAXIS_POS
  InputTwinJoyForward=KEY_UP,JOY1_YAXIS_NEG
  InputTwinJoyReverse=KEY_DOWN,JOY1_YAXIS_POS
  InputTwinJoyStrafeLeft=KEY_LEFT,JOY1_XAXIS_NEG
  InputTwinJoyStrafeRight=KEY_RIGHT,JOY1_XAXIS_POS
  InputTwinJoyJump=KEY_E,JOY1_BUTTON1
  InputTwinJoyCrouch=KEY_R,JOY1_BUTTON2
  InputTwinJoyLeft1=NONE
  InputTwinJoyLeft2=NONE
  InputTwinJoyRight1=NONE
  InputTwinJoyRight2=NONE
  InputTwinJoyUp1=NONE
  InputTwinJoyUp2=NONE
  InputTwinJoyDown1=NONE
  InputTwinJoyDown2=NONE
  InputTwinJoyShot1=KEY_A,JOY1_BUTTON5
  InputTwinJoyShot2=KEY_S,JOY1_BUTTON6
  InputTwinJoyTurbo1=KEY_Z,JOY1_BUTTON7
  InputTwinJoyTurbo2=KEY_X,JOY1_BUTTON8
  InputAnalogJoyLeft=KEY_LEFT
  InputAnalogJoyRight=KEY_RIGHT
  InputAnalogJoyUp=KEY_UP
  InputAnalogJoyDown=KEY_DOWN
  InputAnalogJoyX=JOY_XAXIS,MOUSE_XAXIS
  InputAnalogJoyY=JOY_YAXIS,MOUSE_YAXIS
  InputAnalogJoyTrigger=KEY_A,JOY_BUTTON1,MOUSE_LEFT_BUTTON
  InputAnalogJoyEvent=KEY_S,JOY_BUTTON2,MOUSE_RIGHT_BUTTON
  InputAnalogJoyTrigger2=KEY_D,JOY_BUTTON2
  InputAnalogJoyEvent2=NONE
  InputGunLeft=KEY_LEFT
  InputGunRight=KEY_RIGHT
  InputGunUp=KEY_UP
  InputGunDown=KEY_DOWN
  InputGunX=MOUSE_XAXIS,JOY1_XAXIS
  InputGunY=MOUSE_YAXIS,JOY1_YAXIS
  InputTrigger=KEY_A,JOY1_BUTTON1,MOUSE_LEFT_BUTTON
  InputOffscreen=KEY_S,JOY1_BUTTON2,MOUSE_RIGHT_BUTTON
  InputAutoTrigger=0
  InputGunLeft2=NONE
  InputGunRight2=NONE
  InputGunUp2=NONE
  InputGunDown2=NONE
  InputGunX2=JOY2_XAXIS
  InputGunY2=JOY2_YAXIS
  InputTrigger2=JOY2_BUTTON1
  InputOffscreen2=JOY2_BUTTON2
  InputAutoTrigger2=0
  InputAnalogGunLeft=KEY_LEFT
  InputAnalogGunRight=KEY_RIGHT
  InputAnalogGunUp=KEY_UP
  InputAnalogGunDown=KEY_DOWN
  InputAnalogGunX=MOUSE_XAXIS,JOY1_XAXIS
  InputAnalogGunY=MOUSE_YAXIS,JOY1_YAXIS
  InputAnalogTriggerLeft=KEY_A,JOY1_BUTTON1,MOUSE_LEFT_BUTTON
  InputAnalogTriggerRight=KEY_S,JOY1_BUTTON2,MOUSE_RIGHT_BUTTON
  InputAnalogGunLeft2=NONE
  InputAnalogGunRight2=NONE
  InputAnalogGunUp2=NONE
  InputAnalogGunDown2=NONE
  InputAnalogGunX2=NONE
  InputAnalogGunY2=NONE
  InputAnalogTriggerLeft2=NONE
  InputAnalogTriggerRight2=NONE
  InputSkiLeft=KEY_LEFT
  InputSkiRight=KEY_RIGHT
  InputSkiUp=KEY_UP
  InputSkiDown=KEY_DOWN
  InputSkiX=JOY1_XAXIS
  InputSkiY=JOY1_YAXIS
  InputSkiPollLeft=KEY_A,JOY1_BUTTON1
  InputSkiPollRight=KEY_S,JOY1_BUTTON2
  InputSkiSelect1=KEY_Q,JOY1_BUTTON3
  InputSkiSelect2=KEY_W,JOY1_BUTTON4
  InputSkiSelect3=KEY_E,JOY1_BUTTON5
  InputMagicalLeverUp1=KEY_UP
  InputMagicalLeverDown1=KEY_DOWN
  InputMagicalLeverUp2=NONE
  InputMagicalLeverDown2=NONE
  InputMagicalLever1=JOY1_YAXIS
  InputMagicalLever2=JOY2_YAXIS
  InputMagicalPedal1=KEY_A,JOY1_BUTTON1
  InputMagicalPedal2=KEY_S,JOY2_BUTTON1
  InputFishingRodLeft=KEY_LEFT
  InputFishingRodRight=KEY_RIGHT
  InputFishingRodUp=KEY_UP
  InputFishingRodDown=KEY_DOWN
  InputFishingStickLeft=KEY_A
  InputFishingStickRight=KEY_D
  InputFishingStickUp=KEY_W
  InputFishingStickDown=KEY_S
  InputFishingRodX=JOY1_XAXIS
  InputFishingRodY=JOY1_YAXIS
  InputFishingStickX=JOY1_RXAXIS
  InputFishingStickY=JOY1_RYAXIS
  InputFishingReel=KEY_SPACE,JOY1_ZAXIS_POS
  InputFishingCast=KEY_Z,JOY1_BUTTON1
  InputFishingSelect=KEY_X,JOY1_BUTTON2

Unable to create DirectInput mouse device (error -2147221164) - mouse input will be unavailable.

OpenGL information:
  Vendor                   : NVIDIA Corporation
  Renderer                 : NVIDIA GeForce GTX 950/PCIe/SSE2
  Version                  : 4.6.0 NVIDIA 536.23
  Shading Language Version : 4.60 NVIDIA
  Maximum Vertex Array Size: 1048576 vertices
  Maximum Texture Size     : 16384 texels
  Maximum Vertex Attributes: 16
  Maximum Vertex Uniforms  : 4096
  Maximum Texture Img Units: 32

Audio device information:
    Frequency: 44100
     Channels: 2
Sample Format: 32784

Program terminated normally.
